lmn_geyser4 = {["version"] = 7, ["dimensions"] = Point( 8, 8 ), ["name"] = "lmn_geyser4", 
["map"] = {{["loc"] = Point( 1, 5 ), ["terrain"] = 1, ["populated"] = 1, ["health_max"] = 2, },
{["loc"] = Point( 1, 6 ), ["terrain"] = 1, ["populated"] = 1, ["health_max"] = 2, },
{["loc"] = Point( 2, 1 ), ["terrain"] = 1, ["populated"] = 1, ["health_max"] = 2, },
{["loc"] = Point( 2, 2 ), ["terrain"] = 1, ["populated"] = 1, ["health_max"] = 2, },
{["loc"] = Point( 2, 3 ), ["terrain"] = 1, ["populated"] = 1, ["health_max"] = 2, },
{["loc"] = Point( 2, 6 ), ["terrain"] = 3, },
{["loc"] = Point( 3, 3 ), ["terrain"] = 0, ["custom"] = "lmn_ground_geyser.png", },
{["loc"] = Point( 3, 6 ), ["terrain"] = 0, ["custom"] = "lmn_ground_geyser.png", },
{["loc"] = Point( 4, 4 ), ["terrain"] = 3, },
{["loc"] = Point( 5, 1 ), ["terrain"] = 1, ["populated"] = 1, ["health_max"] = 2, },
{["loc"] = Point( 5, 2 ), ["terrain"] = 1, ["populated"] = 1, ["health_max"] = 2, },
{["loc"] = Point( 5, 4 ), ["terrain"] = 3, },
{["loc"] = Point( 5, 5 ), ["terrain"] = 0, ["custom"] = "lmn_ground_geyser.png", },
{["loc"] = Point( 5, 6 ), ["terrain"] = 3, },
{["loc"] = Point( 6, 1 ), ["terrain"] = 3, },
{["loc"] = Point( 6, 2 ), ["terrain"] = 3, },
{["loc"] = Point( 6, 3 ), ["terrain"] = 0, ["custom"] = "lmn_ground_geyser.png", },
},
["spawns"] = {},
["spawn_ids"] = {},
["spawn_points"] = {},
["zones"] = {["geyser"] = {Point( 3, 6 ), Point( 3, 3 ), Point( 5, 5 ), Point( 6, 3 ), },
},
["tags"] = {"lmn_geyser", "any_sector", },
["blocked_points"] = {},
["blocked_type"] = {},
}
