lmn_jungle_leader4 = {["version"] = 7, ["dimensions"] = Point( 8, 8 ), ["name"] = "lmn_jungle_leader4", 
["map"] = {{["loc"] = Point( 0, 1 ), ["terrain"] = 4, },
{["loc"] = Point( 1, 4 ), ["terrain"] = 4, },
{["loc"] = Point( 3, 0 ), ["terrain"] = 1, ["populated"] = 1, ["health_max"] = 2, },
{["loc"] = Point( 3, 2 ), ["terrain"] = 1, ["populated"] = 1, ["health_max"] = 2, },
{["loc"] = Point( 3, 5 ), ["terrain"] = 1, ["populated"] = 1, ["health_max"] = 2, },
{["loc"] = Point( 3, 7 ), ["terrain"] = 1, ["populated"] = 1, ["health_max"] = 2, },
{["loc"] = Point( 4, 0 ), ["terrain"] = 3, },
{["loc"] = Point( 4, 2 ), ["terrain"] = 3, },
{["loc"] = Point( 4, 5 ), ["terrain"] = 3, },
{["loc"] = Point( 4, 7 ), ["terrain"] = 3, },
{["loc"] = Point( 5, 2 ), ["terrain"] = 1, ["populated"] = 1, ["health_max"] = 2, },
{["loc"] = Point( 5, 5 ), ["terrain"] = 1, ["populated"] = 1, ["health_max"] = 2, },
{["loc"] = Point( 7, 4 ), ["terrain"] = 4, },
},
["spawns"] = {},
["spawn_ids"] = {},
["spawn_points"] = {},
["zones"] = {},
["tags"] = {"any_sector", "lmn_jungle_leader", },
["blocked_points"] = {},
["blocked_type"] = {},
}
