lmn_jungle_leader5 = {["version"] = 7, ["dimensions"] = Point( 8, 8 ), ["name"] = "lmn_jungle_leader5", 
["map"] = {{["loc"] = Point( 0, 5 ), ["terrain"] = 3, },
{["loc"] = Point( 1, 4 ), ["terrain"] = 1, ["populated"] = 1, ["health_max"] = 2, },
{["loc"] = Point( 1, 5 ), ["terrain"] = 3, },
{["loc"] = Point( 1, 6 ), ["terrain"] = 1, ["populated"] = 1, ["health_max"] = 2, },
{["loc"] = Point( 2, 1 ), ["terrain"] = 4, },
{["loc"] = Point( 4, 0 ), ["terrain"] = 1, ["populated"] = 1, ["health_max"] = 2, },
{["loc"] = Point( 4, 3 ), ["terrain"] = 1, ["populated"] = 1, ["health_max"] = 2, },
{["loc"] = Point( 4, 4 ), ["terrain"] = 3, },
{["loc"] = Point( 4, 5 ), ["terrain"] = 1, ["populated"] = 1, ["health_max"] = 2, },
{["loc"] = Point( 5, 0 ), ["terrain"] = 3, },
{["loc"] = Point( 5, 3 ), ["terrain"] = 3, },
{["loc"] = Point( 5, 4 ), ["terrain"] = 3, },
{["loc"] = Point( 5, 5 ), ["terrain"] = 1, ["populated"] = 1, ["health_max"] = 2, },
{["loc"] = Point( 7, 2 ), ["terrain"] = 4, },
{["loc"] = Point( 7, 6 ), ["terrain"] = 4, },
},
["spawns"] = {},
["spawn_ids"] = {},
["spawn_points"] = {},
["zones"] = {},
["tags"] = {"any_sector", "lmn_jungle_leader", },
["blocked_points"] = {},
["blocked_type"] = {},
}
