lmn_vent11 = {["version"] = 7, ["dimensions"] = Point( 8, 8 ), ["name"] = "lmn_vent11", 
["map"] = {{["loc"] = Point( 0, 1 ), ["terrain"] = 4, },
{["loc"] = Point( 0, 2 ), ["terrain"] = 1, ["populated"] = 1, ["health_max"] = 2, },
{["loc"] = Point( 0, 3 ), ["terrain"] = 4, },
{["loc"] = Point( 0, 4 ), ["terrain"] = 1, ["populated"] = 1, ["health_max"] = 2, },
{["loc"] = Point( 0, 5 ), ["terrain"] = 4, },
{["loc"] = Point( 0, 6 ), ["terrain"] = 1, ["populated"] = 1, ["health_max"] = 2, },
{["loc"] = Point( 3, 2 ), ["terrain"] = 1, ["populated"] = 1, ["health_max"] = 2, },
{["loc"] = Point( 3, 3 ), ["terrain"] = 4, },
{["loc"] = Point( 3, 4 ), ["terrain"] = 1, ["populated"] = 1, ["health_max"] = 2, },
{["loc"] = Point( 3, 5 ), ["terrain"] = 4, },
{["loc"] = Point( 3, 6 ), ["terrain"] = 1, ["populated"] = 1, ["health_max"] = 2, },
{["loc"] = Point( 5, 0 ), ["terrain"] = 4, },
{["loc"] = Point( 5, 1 ), ["terrain"] = 0, ["custom"] = "lmn_ground_volcanic_vent.png", },
{["loc"] = Point( 5, 5 ), ["terrain"] = 0, ["custom"] = "lmn_ground_volcanic_vent.png", },
{["loc"] = Point( 6, 3 ), ["terrain"] = 0, ["custom"] = "lmn_ground_volcanic_vent.png", },
{["loc"] = Point( 6, 7 ), ["terrain"] = 0, ["custom"] = "lmn_ground_volcanic_vent.png", },
},
["spawns"] = {},
["spawn_ids"] = {},
["spawn_points"] = {},
["zones"] = {["volcanic_vent"] = {Point( 5, 5 ), Point( 6, 3 ), Point( 5, 1 ), Point( 6, 7 ), },
},
["tags"] = {"lmn_volcanic_vent", "any_sector", },
["blocked_points"] = {},
["blocked_type"] = {},
}
