lmn_vent9 = {["version"] = 7, ["dimensions"] = Point( 8, 8 ), ["name"] = "lmn_vent9", 
["map"] = {{["loc"] = Point( 0, 0 ), ["terrain"] = 4, },
{["loc"] = Point( 0, 1 ), ["terrain"] = 4, },
{["loc"] = Point( 0, 2 ), ["terrain"] = 4, },
{["loc"] = Point( 0, 3 ), ["terrain"] = 1, ["populated"] = 1, ["health_max"] = 2, },
{["loc"] = Point( 0, 4 ), ["terrain"] = 1, ["populated"] = 1, ["health_max"] = 2, },
{["loc"] = Point( 0, 5 ), ["terrain"] = 4, },
{["loc"] = Point( 0, 6 ), ["terrain"] = 1, ["populated"] = 1, ["health_max"] = 2, },
{["loc"] = Point( 1, 0 ), ["terrain"] = 4, },
{["loc"] = Point( 1, 1 ), ["terrain"] = 4, },
{["loc"] = Point( 2, 0 ), ["terrain"] = 4, },
{["loc"] = Point( 2, 1 ), ["terrain"] = 1, ["populated"] = 1, ["health_max"] = 2, },
{["loc"] = Point( 3, 6 ), ["terrain"] = 1, ["populated"] = 1, ["health_max"] = 2, },
{["loc"] = Point( 4, 2 ), ["terrain"] = 0, ["custom"] = "lmn_ground_volcanic_vent.png", },
{["loc"] = Point( 4, 6 ), ["terrain"] = 1, ["populated"] = 1, ["health_max"] = 2, },
{["loc"] = Point( 5, 0 ), ["terrain"] = 0, ["custom"] = "lmn_ground_volcanic_vent.png", },
{["loc"] = Point( 5, 4 ), ["terrain"] = 0, ["custom"] = "lmn_ground_volcanic_vent.png", },
{["loc"] = Point( 6, 0 ), ["terrain"] = 3, ["lava"] = true, },
{["loc"] = Point( 6, 1 ), ["terrain"] = 3, ["lava"] = true, },
{["loc"] = Point( 6, 2 ), ["terrain"] = 0, ["custom"] = "lmn_ground_volcanic_vent.png", },
{["loc"] = Point( 6, 6 ), ["terrain"] = 1, ["populated"] = 1, ["health_max"] = 2, },
{["loc"] = Point( 7, 0 ), ["terrain"] = 4, },
{["loc"] = Point( 7, 1 ), ["terrain"] = 4, },
{["loc"] = Point( 7, 2 ), ["terrain"] = 3, ["lava"] = true, },
{["loc"] = Point( 7, 3 ), ["terrain"] = 3, ["lava"] = true, },
{["loc"] = Point( 7, 4 ), ["terrain"] = 0, ["custom"] = "lmn_ground_volcanic_vent.png", },
},
["spawns"] = {},
["spawn_ids"] = {},
["spawn_points"] = {},
["zones"] = {["volcanic_vent"] = {Point( 7, 4 ), Point( 6, 2 ), Point( 5, 4 ), Point( 4, 2 ), Point( 5, 0 ), },
},
["tags"] = {"lmn_volcanic_vent", "any_sector", },
["blocked_points"] = {},
["blocked_type"] = {},
}
