lmn_flooded1 = {["version"] = 7, ["dimensions"] = Point( 8, 8 ), ["name"] = "lmn_flooded1", 
["map"] = {{["loc"] = Point( 0, 0 ), ["terrain"] = 3, },
{["loc"] = Point( 0, 1 ), ["terrain"] = 1, ["populated"] = 1, ["health_max"] = 2, },
{["loc"] = Point( 0, 2 ), ["terrain"] = 3, },
{["loc"] = Point( 0, 4 ), ["terrain"] = 1, ["populated"] = 1, ["health_max"] = 2, },
{["loc"] = Point( 0, 6 ), ["terrain"] = 3, },
{["loc"] = Point( 0, 7 ), ["terrain"] = 3, },
{["loc"] = Point( 1, 0 ), ["terrain"] = 3, },
{["loc"] = Point( 1, 4 ), ["terrain"] = 3, },
{["loc"] = Point( 1, 6 ), ["terrain"] = 1, ["populated"] = 1, ["health_max"] = 2, },
{["loc"] = Point( 1, 7 ), ["terrain"] = 3, },
{["loc"] = Point( 2, 0 ), ["terrain"] = 1, ["populated"] = 1, ["health_max"] = 2, },
{["loc"] = Point( 3, 0 ), ["terrain"] = 3, },
{["loc"] = Point( 3, 2 ), ["terrain"] = 3, },
{["loc"] = Point( 3, 3 ), ["terrain"] = 1, ["populated"] = 1, ["health_max"] = 2, },
{["loc"] = Point( 3, 6 ), ["terrain"] = 3, },
{["loc"] = Point( 3, 7 ), ["terrain"] = 3, },
{["loc"] = Point( 4, 0 ), ["terrain"] = 1, ["populated"] = 1, ["health_max"] = 2, },
{["loc"] = Point( 4, 6 ), ["terrain"] = 1, ["populated"] = 1, ["health_max"] = 2, },
{["loc"] = Point( 4, 7 ), ["terrain"] = 3, },
{["loc"] = Point( 5, 0 ), ["terrain"] = 3, },
{["loc"] = Point( 5, 3 ), ["terrain"] = 3, },
{["loc"] = Point( 6, 0 ), ["terrain"] = 1, ["populated"] = 1, ["health_max"] = 2, },
{["loc"] = Point( 6, 3 ), ["terrain"] = 1, ["populated"] = 1, ["health_max"] = 2, },
{["loc"] = Point( 6, 5 ), ["terrain"] = 3, },
{["loc"] = Point( 6, 7 ), ["terrain"] = 3, },
{["loc"] = Point( 7, 0 ), ["terrain"] = 3, },
{["loc"] = Point( 7, 1 ), ["terrain"] = 3, },
{["loc"] = Point( 7, 6 ), ["terrain"] = 3, },
{["loc"] = Point( 7, 7 ), ["terrain"] = 3, },
},
["spawns"] = {},
["spawn_ids"] = {},
["spawn_points"] = {},
["zones"] = {["enemy"] = {Point( 1, 5 ), Point( 2, 5 ), Point( 2, 6 ), Point( 1, 4 ), Point( 0, 5 ), Point( 0, 4 ), Point( 0, 3 ), Point( 1, 3 ), Point( 1, 2 ), Point( 2, 2 ), Point( 3, 2 ), Point( 4, 1 ), Point( 3, 1 ), Point( 4, 2 ), Point( 3, 3 ), Point( 3, 4 ), Point( 3, 5 ), Point( 3, 6 ), Point( 4, 6 ), Point( 4, 5 ), Point( 5, 5 ), Point( 5, 4 ), Point( 6, 5 ), Point( 7, 5 ), Point( 7, 4 ), Point( 7, 3 ), Point( 7, 2 ), Point( 6, 2 ), Point( 5, 2 ), Point( 5, 3 ), Point( 6, 3 ), Point( 4, 4 ), Point( 2, 3 ), Point( 2, 1 ), Point( 1, 0 ), Point( 2, 0 ), Point( 0, 0 ), Point( 0, 1 ), Point( 0, 2 ), Point( 0, 6 ), Point( 0, 7 ), Point( 1, 7 ), Point( 2, 7 ), Point( 4, 7 ), Point( 5, 7 ), Point( 5, 6 ), Point( 6, 7 ), Point( 7, 7 ), Point( 7, 6 ), Point( 7, 1 ), Point( 6, 0 ), Point( 7, 0 ), Point( 5, 1 ), Point( 5, 0 ), Point( 3, 0 ), Point( 1, 6 ), Point( 3, 7 ), Point( 2, 4 ), Point( 4, 3 ), Point( 6, 6 ), Point( 6, 4 ), Point( 6, 1 ), Point( 4, 0 ), Point( 1, 1 ), },
["deployment"] = {Point( 3, 5 ), Point( 3, 4 ), Point( 3, 3 ), Point( 3, 2 ), Point( 5, 2 ), Point( 5, 3 ), Point( 5, 4 ), Point( 5, 5 ), Point( 2, 5 ), Point( 4, 5 ), Point( 4, 2 ), Point( 2, 2 ), Point( 2, 4 ), Point( 2, 3 ), Point( 4, 4 ), Point( 4, 3 ), },
},
["tags"] = {"lmn_flooded", "any_sector", },
["blocked_points"] = {},
["blocked_type"] = {},
}
