lmn_jungle_leader6 = {["version"] = 7, ["dimensions"] = Point( 8, 8 ), ["name"] = "lmn_jungle_leader6", 
["map"] = {{["loc"] = Point( 0, 1 ), ["terrain"] = 1, ["populated"] = 1, ["health_max"] = 2, },
{["loc"] = Point( 0, 2 ), ["terrain"] = 1, ["populated"] = 1, ["health_max"] = 2, },
{["loc"] = Point( 1, 5 ), ["terrain"] = 4, },
{["loc"] = Point( 1, 6 ), ["terrain"] = 4, },
{["loc"] = Point( 2, 3 ), ["terrain"] = 1, ["populated"] = 1, ["health_max"] = 2, },
{["loc"] = Point( 2, 4 ), ["terrain"] = 1, ["populated"] = 1, ["health_max"] = 2, },
{["loc"] = Point( 2, 5 ), ["terrain"] = 4, },
{["loc"] = Point( 2, 6 ), ["terrain"] = 3, },
{["loc"] = Point( 3, 4 ), ["terrain"] = 3, },
{["loc"] = Point( 3, 5 ), ["terrain"] = 3, },
{["loc"] = Point( 3, 6 ), ["terrain"] = 3, },
{["loc"] = Point( 4, 4 ), ["terrain"] = 3, },
{["loc"] = Point( 4, 5 ), ["terrain"] = 3, },
{["loc"] = Point( 4, 6 ), ["terrain"] = 1, ["populated"] = 1, ["health_max"] = 2, },
{["loc"] = Point( 5, 1 ), ["terrain"] = 1, ["populated"] = 1, ["health_max"] = 2, },
{["loc"] = Point( 6, 1 ), ["terrain"] = 4, },
},
["spawns"] = {},
["spawn_ids"] = {},
["spawn_points"] = {},
["zones"] = {},
["tags"] = {"any_sector", "lmn_jungle_leader", },
["blocked_points"] = {},
["blocked_type"] = {},
}
