lmn_jungle_leader2 = {["version"] = 7, ["dimensions"] = Point( 8, 8 ), ["name"] = "lmn_jungle_leader2", 
["map"] = {{["loc"] = Point( 0, 5 ), ["terrain"] = 1, ["populated"] = 1, ["health_max"] = 2, },
{["loc"] = Point( 0, 6 ), ["terrain"] = 1, ["populated"] = 1, ["health_max"] = 2, },
{["loc"] = Point( 1, 0 ), ["terrain"] = 4, },
{["loc"] = Point( 1, 1 ), ["terrain"] = 1, ["populated"] = 1, ["health_max"] = 2, },
{["loc"] = Point( 2, 0 ), ["terrain"] = 4, },
{["loc"] = Point( 2, 1 ), ["terrain"] = 4, },
{["loc"] = Point( 2, 3 ), ["terrain"] = 1, ["populated"] = 1, ["health_max"] = 2, },
{["loc"] = Point( 2, 4 ), ["terrain"] = 1, ["populated"] = 1, ["health_max"] = 2, },
{["loc"] = Point( 3, 0 ), ["terrain"] = 3, },
{["loc"] = Point( 3, 1 ), ["terrain"] = 3, },
{["loc"] = Point( 3, 6 ), ["terrain"] = 1, ["populated"] = 1, ["health_max"] = 2, },
{["loc"] = Point( 3, 7 ), ["terrain"] = 4, },
{["loc"] = Point( 4, 6 ), ["terrain"] = 4, },
{["loc"] = Point( 4, 7 ), ["terrain"] = 4, },
{["loc"] = Point( 5, 3 ), ["terrain"] = 4, },
{["loc"] = Point( 5, 6 ), ["terrain"] = 3, },
{["loc"] = Point( 5, 7 ), ["terrain"] = 3, },
},
["spawns"] = {},
["spawn_ids"] = {},
["spawn_points"] = {},
["zones"] = {},
["tags"] = {"any_sector", "lmn_jungle_leader", },
["blocked_points"] = {},
["blocked_type"] = {},
}
