lmn_runway1 = {["version"] = 7, ["dimensions"] = Point( 8, 8 ), ["name"] = "lmn_runway1", 
["map"] = {{["loc"] = Point( 0, 0 ), ["terrain"] = 4, },
{["loc"] = Point( 0, 2 ), ["terrain"] = 0, ["custom"] = "lmn_ground_runway.png", },
{["loc"] = Point( 0, 5 ), ["terrain"] = 4, },
{["loc"] = Point( 0, 6 ), ["terrain"] = 4, },
{["loc"] = Point( 0, 7 ), ["terrain"] = 4, },
{["loc"] = Point( 1, 0 ), ["terrain"] = 4, },
{["loc"] = Point( 1, 2 ), ["terrain"] = 0, ["custom"] = "lmn_ground_runway.png", },
{["loc"] = Point( 1, 5 ), ["terrain"] = 1, ["populated"] = 1, ["health_max"] = 2, },
{["loc"] = Point( 1, 6 ), ["terrain"] = 1, ["populated"] = 1, ["health_max"] = 2, },
{["loc"] = Point( 1, 7 ), ["terrain"] = 4, },
{["loc"] = Point( 2, 2 ), ["terrain"] = 0, ["custom"] = "lmn_ground_runway.png", },
{["loc"] = Point( 3, 2 ), ["terrain"] = 0, ["custom"] = "lmn_ground_runway.png", },
{["loc"] = Point( 3, 6 ), ["terrain"] = 1, ["populated"] = 1, ["health_max"] = 2, },
{["loc"] = Point( 4, 2 ), ["terrain"] = 0, ["custom"] = "lmn_ground_runway.png", },
{["loc"] = Point( 4, 6 ), ["terrain"] = 1, ["populated"] = 1, ["health_max"] = 2, },
{["loc"] = Point( 5, 2 ), ["terrain"] = 0, ["custom"] = "lmn_ground_runway.png", },
{["loc"] = Point( 6, 2 ), ["terrain"] = 0, ["custom"] = "lmn_ground_runway.png", },
{["loc"] = Point( 6, 5 ), ["terrain"] = 1, ["populated"] = 1, ["health_max"] = 2, },
{["loc"] = Point( 6, 6 ), ["terrain"] = 1, ["populated"] = 1, ["health_max"] = 2, },
{["loc"] = Point( 7, 2 ), ["terrain"] = 0, ["custom"] = "lmn_ground_runway.png", },
},
["spawns"] = {},
["spawn_ids"] = {},
["spawn_points"] = {},
["zones"] = {["plane"] = {Point( 0, 2 ), Point( 1, 2 ), },
},
["tags"] = {"any_sector", "lmn_runway", },
["blocked_points"] = {},
["blocked_type"] = {},
}
