lmn_geyser2 = {["version"] = 7, ["dimensions"] = Point( 8, 8 ), ["name"] = "lmn_geyser2", 
["map"] = {{["loc"] = Point( 1, 1 ), ["terrain"] = 3, },
{["loc"] = Point( 1, 2 ), ["terrain"] = 1, ["populated"] = 1, ["health_max"] = 2, },
{["loc"] = Point( 1, 5 ), ["terrain"] = 1, ["populated"] = 1, ["health_max"] = 2, },
{["loc"] = Point( 1, 6 ), ["terrain"] = 3, },
{["loc"] = Point( 2, 1 ), ["terrain"] = 1, ["populated"] = 1, ["health_max"] = 2, },
{["loc"] = Point( 2, 2 ), ["terrain"] = 1, ["populated"] = 1, ["health_max"] = 2, },
{["loc"] = Point( 2, 5 ), ["terrain"] = 1, ["populated"] = 1, ["health_max"] = 2, },
{["loc"] = Point( 2, 6 ), ["terrain"] = 1, ["populated"] = 1, ["health_max"] = 2, },
{["loc"] = Point( 4, 2 ), ["terrain"] = 0, ["custom"] = "lmn_ground_geyser.png", },
{["loc"] = Point( 4, 3 ), ["terrain"] = 3, },
{["loc"] = Point( 4, 4 ), ["terrain"] = 3, },
{["loc"] = Point( 4, 5 ), ["terrain"] = 0, ["custom"] = "lmn_ground_geyser.png", },
{["loc"] = Point( 5, 2 ), ["terrain"] = 3, },
{["loc"] = Point( 6, 4 ), ["terrain"] = 0, ["custom"] = "lmn_ground_geyser.png", },
{["loc"] = Point( 6, 5 ), ["terrain"] = 3, },
},
["spawns"] = {},
["spawn_ids"] = {},
["spawn_points"] = {},
["zones"] = {["geyser"] = {Point( 4, 2 ), Point( 4, 5 ), Point( 6, 4 ), },
},
["tags"] = {"lmn_geyser", "any_sector", },
["blocked_points"] = {},
["blocked_type"] = {},
}
