lmn_wind5 = {["version"] = 7, ["dimensions"] = Point( 8, 8 ), ["name"] = "lmn_wind5", 
["map"] = {{["loc"] = Point( 0, 0 ), ["terrain"] = 3, },
{["loc"] = Point( 0, 1 ), ["terrain"] = 3, },
{["loc"] = Point( 0, 2 ), ["terrain"] = 4, },
{["loc"] = Point( 0, 3 ), ["terrain"] = 4, },
{["loc"] = Point( 0, 6 ), ["terrain"] = 3, },
{["loc"] = Point( 0, 7 ), ["terrain"] = 3, },
{["loc"] = Point( 1, 0 ), ["terrain"] = 3, },
{["loc"] = Point( 1, 1 ), ["terrain"] = 3, },
{["loc"] = Point( 1, 2 ), ["terrain"] = 1, ["populated"] = 1, ["health_max"] = 2, },
{["loc"] = Point( 1, 3 ), ["terrain"] = 1, ["populated"] = 1, ["health_max"] = 2, },
{["loc"] = Point( 1, 5 ), ["terrain"] = 1, ["populated"] = 1, ["health_max"] = 2, },
{["loc"] = Point( 1, 6 ), ["terrain"] = 3, },
{["loc"] = Point( 1, 7 ), ["terrain"] = 3, },
{["loc"] = Point( 2, 7 ), ["terrain"] = 3, },
{["loc"] = Point( 3, 7 ), ["terrain"] = 3, },
{["loc"] = Point( 4, 0 ), ["terrain"] = 4, },
{["loc"] = Point( 4, 1 ), ["terrain"] = 1, ["populated"] = 1, ["health_max"] = 2, },
{["loc"] = Point( 5, 0 ), ["terrain"] = 4, },
{["loc"] = Point( 5, 1 ), ["terrain"] = 1, ["populated"] = 1, ["health_max"] = 2, },
{["loc"] = Point( 5, 4 ), ["terrain"] = 1, ["populated"] = 1, ["health_max"] = 2, },
{["loc"] = Point( 5, 5 ), ["terrain"] = 3, },
},
["spawns"] = {},
["spawn_ids"] = {},
["spawn_points"] = {},
["zones"] = {},
["tags"] = {"lmn_wind", "any_sector", },
["blocked_points"] = {},
["blocked_type"] = {},
}
