lmn_iceflower2 = {["version"] = 7, ["dimensions"] = Point( 8, 8 ), ["name"] = "lmn_iceflower2", 
["map"] = {{["loc"] = Point( 0, 0 ), ["terrain"] = 3, },
{["loc"] = Point( 0, 1 ), ["terrain"] = 3, },
{["loc"] = Point( 0, 3 ), ["terrain"] = 1, ["populated"] = 1, ["health_max"] = 2, },
{["loc"] = Point( 0, 4 ), ["terrain"] = 1, ["populated"] = 1, ["health_max"] = 2, },
{["loc"] = Point( 0, 6 ), ["terrain"] = 3, },
{["loc"] = Point( 0, 7 ), ["terrain"] = 3, },
{["loc"] = Point( 3, 0 ), ["terrain"] = 1, ["populated"] = 1, ["health_max"] = 2, },
{["loc"] = Point( 3, 1 ), ["terrain"] = 3, },
{["loc"] = Point( 3, 6 ), ["terrain"] = 3, },
{["loc"] = Point( 3, 7 ), ["terrain"] = 1, ["populated"] = 1, ["health_max"] = 2, },
{["loc"] = Point( 4, 0 ), ["terrain"] = 1, ["populated"] = 1, ["health_max"] = 2, },
{["loc"] = Point( 4, 1 ), ["terrain"] = 3, },
{["loc"] = Point( 4, 6 ), ["terrain"] = 3, },
{["loc"] = Point( 4, 7 ), ["terrain"] = 1, ["populated"] = 1, ["health_max"] = 2, },
{["loc"] = Point( 5, 0 ), ["terrain"] = 3, },
{["loc"] = Point( 5, 1 ), ["terrain"] = 3, },
{["loc"] = Point( 5, 3 ), ["terrain"] = 5, },
{["loc"] = Point( 5, 4 ), ["terrain"] = 4, },
{["loc"] = Point( 5, 6 ), ["terrain"] = 3, },
{["loc"] = Point( 5, 7 ), ["terrain"] = 3, },
{["loc"] = Point( 6, 3 ), ["pawn"] = "lmn_Iceflower1", ["team"] = 6, ["terrain"] = 5, },
{["loc"] = Point( 6, 4 ), ["terrain"] = 5, },
{["loc"] = Point( 7, 3 ), ["terrain"] = 5, },
{["loc"] = Point( 7, 4 ), ["terrain"] = 5, },
},
["spawns"] = {},
["spawn_ids"] = {},
["spawn_points"] = {},
["zones"] = {["enemy"] = {Point( 6, 5 ), Point( 6, 6 ), Point( 5, 5 ), Point( 5, 2 ), Point( 6, 2 ), Point( 6, 1 ), Point( 4, 3 ), Point( 4, 2 ), Point( 4, 4 ), Point( 4, 5 ), },
},
["tags"] = {"lmn_iceflower", "any_sector", },
["blocked_points"] = {},
["blocked_type"] = {},
}
